Archive member included because of file (symbol)

.\CortexM0\ARM_GCC_484\Debug\HerkulexOpenHouse.a(cyfitter_cfg.o)
                              .\CortexM0\ARM_GCC_484\Debug\Cm0Start.o (cyfitter_cfg)
.\CortexM0\ARM_GCC_484\Debug\HerkulexOpenHouse.a(UART.o)
                              .\CortexM0\ARM_GCC_484\Debug\herkulex2.o (UART_Start)
.\CortexM0\ARM_GCC_484\Debug\HerkulexOpenHouse.a(UART_SPI_UART.o)
                              .\CortexM0\ARM_GCC_484\Debug\herkulex2.o (UART_SpiUartGetRxBufferSize)
.\CortexM0\ARM_GCC_484\Debug\HerkulexOpenHouse.a(UART_UART.o)
                              .\CortexM0\ARM_GCC_484\Debug\HerkulexOpenHouse.a(UART.o) (UART_UartInit)
.\CortexM0\ARM_GCC_484\Debug\HerkulexOpenHouse.a(CyLib.o)
                              .\CortexM0\ARM_GCC_484\Debug\HerkulexOpenHouse.a(cyfitter_cfg.o) (CyIntEnable)
.\CortexM0\ARM_GCC_484\Debug\HerkulexOpenHouse.a(CyLFClk.o)
                              .\CortexM0\ARM_GCC_484\Debug\HerkulexOpenHouse.a(cyfitter_cfg.o) (CySysWdtIsr)
.\CortexM0\ARM_GCC_484\Debug\HerkulexOpenHouse.a(UART_SPI_UART_INT.o)
                              .\CortexM0\ARM_GCC_484\Debug\HerkulexOpenHouse.a(UART_UART.o) (UART_SPI_UART_ISR)
.\CortexM0\ARM_GCC_484\Debug\HerkulexOpenHouse.a(CyBootAsmGnu.o)
                              .\CortexM0\ARM_GCC_484\Debug\HerkulexOpenHouse.a(CyLib.o) (CyDelayCycles)
c:/program files (x86)/cypress/psoc creator/3.2/psoc creator/import/gnu/arm/4.8.4/bin/../lib/gcc/arm-none-eabi/4.8.4/armv6-m\libgcc.a(_udivsi3.o)
                              .\CortexM0\ARM_GCC_484\Debug\HerkulexOpenHouse.a(CyLib.o) (__aeabi_uidiv)
c:/program files (x86)/cypress/psoc creator/3.2/psoc creator/import/gnu/arm/4.8.4/bin/../lib/gcc/arm-none-eabi/4.8.4/armv6-m\libgcc.a(_dvmd_tls.o)
                              c:/program files (x86)/cypress/psoc creator/3.2/psoc creator/import/gnu/arm/4.8.4/bin/../lib/gcc/arm-none-eabi/4.8.4/armv6-m\libgcc.a(_udivsi3.o) (__aeabi_idiv0)
c:/program files (x86)/cypress/psoc creator/3.2/psoc creator/import/gnu/arm/4.8.4/bin/../lib/gcc/arm-none-eabi/4.8.4/armv6-m\libgcc.a(_arm_cmpsf2.o)
                              .\CortexM0\ARM_GCC_484\Debug\herkulex2.o (__aeabi_fcmplt)
c:/program files (x86)/cypress/psoc creator/3.2/psoc creator/import/gnu/arm/4.8.4/bin/../lib/gcc/arm-none-eabi/4.8.4/armv6-m\libgcc.a(eqsf2.o)
                              c:/program files (x86)/cypress/psoc creator/3.2/psoc creator/import/gnu/arm/4.8.4/bin/../lib/gcc/arm-none-eabi/4.8.4/armv6-m\libgcc.a(_arm_cmpsf2.o) (__eqsf2)
c:/program files (x86)/cypress/psoc creator/3.2/psoc creator/import/gnu/arm/4.8.4/bin/../lib/gcc/arm-none-eabi/4.8.4/armv6-m\libgcc.a(gesf2.o)
                              c:/program files (x86)/cypress/psoc creator/3.2/psoc creator/import/gnu/arm/4.8.4/bin/../lib/gcc/arm-none-eabi/4.8.4/armv6-m\libgcc.a(_arm_cmpsf2.o) (__gesf2)
c:/program files (x86)/cypress/psoc creator/3.2/psoc creator/import/gnu/arm/4.8.4/bin/../lib/gcc/arm-none-eabi/4.8.4/armv6-m\libgcc.a(lesf2.o)
                              c:/program files (x86)/cypress/psoc creator/3.2/psoc creator/import/gnu/arm/4.8.4/bin/../lib/gcc/arm-none-eabi/4.8.4/armv6-m\libgcc.a(_arm_cmpsf2.o) (__lesf2)
c:/program files (x86)/cypress/psoc creator/3.2/psoc creator/import/gnu/arm/4.8.4/bin/../lib/gcc/arm-none-eabi/4.8.4/armv6-m\libgcc.a(floatsisf.o)
                              .\CortexM0\ARM_GCC_484\Debug\herkulex2.o (__aeabi_i2f)
c:/program files (x86)/cypress/psoc creator/3.2/psoc creator/import/gnu/arm/4.8.4/bin/../lib/gcc/arm-none-eabi/4.8.4/armv6-m\libgcc.a(divdf3.o)
                              .\CortexM0\ARM_GCC_484\Debug\herkulex2.o (__aeabi_ddiv)
c:/program files (x86)/cypress/psoc creator/3.2/psoc creator/import/gnu/arm/4.8.4/bin/../lib/gcc/arm-none-eabi/4.8.4/armv6-m\libgcc.a(muldf3.o)
                              .\CortexM0\ARM_GCC_484\Debug\herkulex2.o (__aeabi_dmul)
c:/program files (x86)/cypress/psoc creator/3.2/psoc creator/import/gnu/arm/4.8.4/bin/../lib/gcc/arm-none-eabi/4.8.4/armv6-m\libgcc.a(fixdfsi.o)
                              .\CortexM0\ARM_GCC_484\Debug\herkulex2.o (__aeabi_d2iz)
c:/program files (x86)/cypress/psoc creator/3.2/psoc creator/import/gnu/arm/4.8.4/bin/../lib/gcc/arm-none-eabi/4.8.4/armv6-m\libgcc.a(floatsidf.o)
                              .\CortexM0\ARM_GCC_484\Debug\herkulex2.o (__aeabi_i2d)
c:/program files (x86)/cypress/psoc creator/3.2/psoc creator/import/gnu/arm/4.8.4/bin/../lib/gcc/arm-none-eabi/4.8.4/armv6-m\libgcc.a(extendsfdf2.o)
                              .\CortexM0\ARM_GCC_484\Debug\herkulex2.o (__aeabi_f2d)
c:/program files (x86)/cypress/psoc creator/3.2/psoc creator/import/gnu/arm/4.8.4/bin/../lib/gcc/arm-none-eabi/4.8.4/armv6-m\libgcc.a(truncdfsf2.o)
                              .\CortexM0\ARM_GCC_484\Debug\herkulex2.o (__aeabi_d2f)
c:/program files (x86)/cypress/psoc creator/3.2/psoc creator/import/gnu/arm/4.8.4/bin/../lib/gcc/arm-none-eabi/4.8.4/armv6-m\libgcc.a(_clzsi2.o)
[...]
Memory Configuration

Name             Origin             Length             Attributes
rom              0x00000000         0x00008000         xr
ram              0x20000000         0x00001000         xrw
*default*        0x00000000         0xffffffff

Linker script and memory map

LOAD c:/program files (x86)/cypress/psoc creator/3.2/psoc creator/import/gnu/arm/4.8.4/bin/../lib/gcc/arm-none-eabi/4.8.4/armv6-m/crti.o
LOAD c:/program files (x86)/cypress/psoc creator/3.2/psoc creator/import/gnu/arm/4.8.4/bin/../lib/gcc/arm-none-eabi/4.8.4/armv6-m/crtbegin.o
LOAD c:/program files (x86)/cypress/psoc creator/3.2/psoc creator/import/gnu/arm/4.8.4/bin/../lib/gcc/arm-none-eabi/4.8.4/../../../../arm-none-eabi/lib/armv6-m/crt0.o
START GROUP
LOAD .\CortexM0\ARM_GCC_484\Debug\main.o
LOAD .\CortexM0\ARM_GCC_484\Debug\herkulex2.o
LOAD .\CortexM0\ARM_GCC_484\Debug\cymetadata.o
LOAD .\CortexM0\ARM_GCC_484\Debug\Cm0Start.o
LOAD .\CortexM0\ARM_GCC_484\Debug\HerkulexOpenHouse.a
LOAD C:\Program Files (x86)\Cypress\PSoC Creator\3.2\PSoC Creator\psoc\content\cycomponentlibrary\CyComponentLibrary.cylib\CortexM0\ARM_GCC_484\Debug\CyComponentLibrary.a
END GROUP
START GROUP
LOAD c:/program files (x86)/cypress/psoc creator/3.2/psoc creator/import/gnu/arm/4.8.4/bin/../lib/gcc/arm-none-eabi/4.8.4/armv6-m\libgcc.a
LOAD c:/program files (x86)/cypress/psoc creator/3.2/psoc creator/import/gnu/arm/4.8.4/bin/../lib/gcc/arm-none-eabi/4.8.4/../../../../arm-none-eabi/lib/armv6-m\libg_s.a
LOAD c:/program files (x86)/cypress/psoc creator/3.2/psoc creator/import/gnu/arm/4.8.4/bin/../lib/gcc/arm-none-eabi/4.8.4/../../../../arm-none-eabi/lib/armv6-m\libc_s.a
END GROUP
START GROUP
LOAD c:/program files (x86)/cypress/psoc creator/3.2/psoc creator/import/gnu/arm/4.8.4/bin/../lib/gcc/arm-none-eabi/4.8.4/armv6-m\libgcc.a
LOAD c:/program files (x86)/cypress/psoc creator/3.2/psoc creator/import/gnu/arm/4.8.4/bin/../lib/gcc/arm-none-eabi/4.8.4/../../../../arm-none-eabi/lib/armv6-m\libc_s.a
END GROUP
LOAD c:/program files (x86)/cypress/psoc creator/3.2/psoc creator/import/gnu/arm/4.8.4/bin/../lib/gcc/arm-none-eabi/4.8.4/armv6-m/crtend.o
LOAD c:/program files (x86)/cypress/psoc creator/3.2/psoc creator/import/gnu/arm/4.8.4/bin/../lib/gcc/arm-none-eabi/4.8.4/armv6-m/crtn.o
START GROUP
LOAD c:/program files (x86)/cypress/psoc creator/3.2/psoc creator/import/gnu/arm/4.8.4/bin/../lib/gcc/arm-none-eabi/4.8.4/armv6-m\libgcc.a
LOAD c:/program files (x86)/cypress/psoc creator/3.2/psoc creator/import/gnu/arm/4.8.4/bin/../lib/gcc/arm-none-eabi/4.8.4/../../../../arm-none-eabi/lib/armv6-m\libc.a
LOAD c:/program files (x86)/cypress/psoc creator/3.2/psoc creator/import/gnu/arm/4.8.4/bin/../lib/gcc/arm-none-eabi/4.8.4/../../../../arm-none-eabi/lib/armv6-m\libnosys.a
END GROUP
                0x00000000                CY_APPL_ORIGIN = 0x0
                0x00000080                CY_FLASH_ROW_SIZE = 0x80
                0x00000001                CY_APPL_NUM = 0x1
                0x00000040                CY_METADATA_SIZE = 0x40
                0x200001f0                PROVIDE (__cy_heap_start, _end)
                0x00000001                PROVIDE (__cy_region_num, ((__cy_regions_end - __cy_regions) / 0x10))
                0x20001000                PROVIDE (__cy_stack, (ORIGIN (ram) + 0x1000))
                0x20000c00                PROVIDE (__cy_heap_end, (__cy_stack - 0x400))

.cybootloader   0x00000000        0x0
 *(.cybootloader)
                0x00000000                appl1_start = CY_APPL_ORIGIN?CY_APPL_ORIGIN:ALIGN (CY_FLASH_ROW_SIZE)
                0x00003f80                appl2_start = (appl1_start + ALIGN ((((0x8000 - appl1_start) - (0x2 * CY_FLASH_ROW_SIZE)) / 0x2), CY_FLASH_ROW_SIZE))
                0x00000000                appl_start = (CY_APPL_NUM == 0x1)?appl1_start:appl2_start

.text           0x00000000     0x1aec
 CREATE_OBJECT_SYMBOLS
                0x00000000                PROVIDE (__cy_interrupt_vector, RomVectors)
 *(.romvectors)
 .romvectors    0x00000000       0x10 .\CortexM0\ARM_GCC_484\Debug\Cm0Start.o
                0x00000000                RomVectors
                0x00000001                ASSERT ((. != __cy_interrupt_vector), No interrupt vector)
                0x00000001                ASSERT (CY_APPL_ORIGIN?(SIZEOF (.cybootloader) <= CY_APPL_ORIGIN):0x1, Wrong image location)
                0x00000010                PROVIDE (__cy_reset, Reset)
 *(.text.Reset)
 .text.Reset    0x00000010        0x8 .\CortexM0\ARM_GCC_484\Debug\Cm0Start.o
                0x00000010                Reset
                0x00000001                ASSERT ((. != __cy_reset), No reset code)
 *(.psocinit)
 .psocinit      0x00000018      0x120 .\CortexM0\ARM_GCC_484\Debug\HerkulexOpenHouse.a(cyfitter_cfg.o)
                0x0000008c                cyfitter_cfg
                0x00000138                . = MAX (., 0x100)
 *(.text .text.* .gnu.linkonce.t.*)
 .text          0x00000138       0x60 c:/program files (x86)/cypress/psoc creator/3.2/psoc creator/import/gnu/arm/4.8.4/bin/../lib/gcc/arm-none-eabi/4.8.4/armv6-m/crtbegin.o
 .text.main     0x00000198       0x34 .\CortexM0\ARM_GCC_484\Debug\main.o
                0x00000198                main
 .text.clearBuffer
                0x000001cc        0xc .\CortexM0\ARM_GCC_484\Debug\herkulex2.o
                0x000001cc                clearBuffer
 .text.checksum1
                0x000001d8       0x48 .\CortexM0\ARM_GCC_484\Debug\herkulex2.o
                0x000001d8                checksum1
 .text.checksum2
                0x00000220        0x8 .\CortexM0\ARM_GCC_484\Debug\herkulex2.o
                0x00000220                checksum2
 .text.sendData
                0x00000228       0x1c .\CortexM0\ARM_GCC_484\Debug\herkulex2.o
                0x00000228                sendData
 .text.Servo_torqueON
                0x00000244       0x94 .\CortexM0\ARM_GCC_484\Debug\herkulex2.o
                0x00000244                Servo_torqueON
 .text.Servo_ACK
                0x000002d8       0x94 .\CortexM0\ARM_GCC_484\Debug\herkulex2.o
                0x000002d8                Servo_ACK
 .text.Servo_clearError
                0x0000036c       0x9c .\CortexM0\ARM_GCC_484\Debug\herkulex2.o
                0x0000036c                Servo_clearError
 .text.Servo_setLED
                0x00000408       0x90 .\CortexM0\ARM_GCC_484\Debug\herkulex2.o
                0x00000408                Servo_setLED
 .text.Servo_moveOne
                0x00000498      0x130 .\CortexM0\ARM_GCC_484\Debug\herkulex2.o
                0x00000498                Servo_moveOne
 .text.Servo_moveOneAngle
                0x000005c8       0x60 .\CortexM0\ARM_GCC_484\Debug\herkulex2.o
                0x000005c8                Servo_moveOneAngle
 .text.Servo_initialize
                0x00000628       0x78 .\CortexM0\ARM_GCC_484\Debug\herkulex2.o
                0x00000628                Servo_initialize
 .text.Servo_moveSpeedOne
                0x000006a0      0x148 .\CortexM0\ARM_GCC_484\Debug\herkulex2.o
                0x000006a0                Servo_moveSpeedOne
 .text.IntDefaultHandler
                0x000007e8        0x4 .\CortexM0\ARM_GCC_484\Debug\Cm0Start.o
                0x000007e8                IntDefaultHandler
 .text.Start_c  0x000007ec       0x48 .\CortexM0\ARM_GCC_484\Debug\Cm0Start.o
                0x000007ec                Start_c
 .text.initialize_psoc
                0x00000834       0x4c .\CortexM0\ARM_GCC_484\Debug\Cm0Start.o
                0x00000834                initialize_psoc
 .text.CYMEMZERO
                0x00000880        0xc .\CortexM0\ARM_GCC_484\Debug\HerkulexOpenHouse.a(cyfitter_cfg.o)
 .text.UART_ScbEnableIntr
                0x0000088c        0xc .\CortexM0\ARM_GCC_484\Debug\HerkulexOpenHouse.a(UART.o)
 .text.UART_ScbModePostEnable
                0x00000898        0x8 .\CortexM0\ARM_GCC_484\Debug\HerkulexOpenHouse.a(UART.o)
 .text.UART_Init
                0x000008a0        0x8 .\CortexM0\ARM_GCC_484\Debug\HerkulexOpenHouse.a(UART.o)
                0x000008a0                UART_Init
 .text.UART_Enable
                0x000008a8       0x1c .\CortexM0\ARM_GCC_484\Debug\HerkulexOpenHouse.a(UART.o)
                0x000008a8                UART_Enable
 .text.UART_Start
                0x000008c4       0x20 .\CortexM0\ARM_GCC_484\Debug\HerkulexOpenHouse.a(UART.o)
                0x000008c4                UART_Start
 .text.UART_SpiUartClearRxBuffer
                0x000008e4       0x54 .\CortexM0\ARM_GCC_484\Debug\HerkulexOpenHouse.a(UART_SPI_UART.o)
                0x000008e4                UART_SpiUartClearRxBuffer
 .text.UART_SpiUartWriteTxData
                0x00000938       0x74 .\CortexM0\ARM_GCC_484\Debug\HerkulexOpenHouse.a(UART_SPI_UART.o)
                0x00000938                UART_SpiUartWriteTxData
 .text.UART_SpiUartPutArray
                0x000009ac       0x18 .\CortexM0\ARM_GCC_484\Debug\HerkulexOpenHouse.a(UART_SPI_UART.o)
                0x000009ac                UART_SpiUartPutArray
 .text.UART_SpiUartClearTxBuffer
                0x000009c4       0x58 .\CortexM0\ARM_GCC_484\Debug\HerkulexOpenHouse.a(UART_SPI_UART.o)
                0x000009c4                UART_SpiUartClearTxBuffer
 .text.UART_UartInit
                0x00000a1c       0xd4 .\CortexM0\ARM_GCC_484\Debug\HerkulexOpenHouse.a(UART_UART.o)
                0x00000a1c                UART_UartInit
 .text.UART_UartPostEnable
                0x00000af0       0x1c .\CortexM0\ARM_GCC_484\Debug\HerkulexOpenHouse.a(UART_UART.o)
                0x00000af0                UART_UartPostEnable
 .text.CyIntEnable
                0x00000b0c       0x14 .\CortexM0\ARM_GCC_484\Debug\HerkulexOpenHouse.a(CyLib.o)
                0x00000b0c                CyIntEnable
 .text.CyIntDisable
                0x00000b20       0x14 .\CortexM0\ARM_GCC_484\Debug\HerkulexOpenHouse.a(CyLib.o)
                0x00000b20                CyIntDisable
 .text.CyHalt   0x00000b34        0x4 .\CortexM0\ARM_GCC_484\Debug\HerkulexOpenHouse.a(CyLib.o)
                0x00000b34                CyHalt
 .text.CyIntSetVector
                0x00000b38       0x20 .\CortexM0\ARM_GCC_484\Debug\HerkulexOpenHouse.a(CyLib.o)
                0x00000b38                CyIntSetVector
 .text.CyIntSetPriority
                0x00000b58       0x48 .\CortexM0\ARM_GCC_484\Debug\HerkulexOpenHouse.a(CyLib.o)
                0x00000b58                CyIntSetPriority
 .text.CyDelay  0x00000ba0       0x30 .\CortexM0\ARM_GCC_484\Debug\HerkulexOpenHouse.a(CyLib.o)
                0x00000ba0                CyDelay
 .text.CyDelayUs
                0x00000bd0       0x14 .\CortexM0\ARM_GCC_484\Debug\HerkulexOpenHouse.a(CyLib.o)
                0x00000bd0                CyDelayUs
 .text.CySysClkWriteImoFreq
                0x00000be4      0x164 .\CortexM0\ARM_GCC_484\Debug\HerkulexOpenHouse.a(CyLib.o)
                0x00000be4                CySysClkWriteImoFreq
 .text.CySysWdtLocked
                0x00000d48       0x18 .\CortexM0\ARM_GCC_484\Debug\HerkulexOpenHouse.a(CyLFClk.o)
 .text.CySysWdtLock
                0x00000d60       0x1c .\CortexM0\ARM_GCC_484\Debug\HerkulexOpenHouse.a(CyLFClk.o)
                0x00000d60                CySysWdtLock
 .text.CySysWdtUnlock
                0x00000d7c       0x30 .\CortexM0\ARM_GCC_484\Debug\HerkulexOpenHouse.a(CyLFClk.o)
                0x00000d7c                CySysWdtUnlock
 .text.CySysWdtClearInterrupt
                0x00000dac       0x4c .\CortexM0\ARM_GCC_484\Debug\HerkulexOpenHouse.a(CyLFClk.o)
                0x00000dac                CySysWdtClearInterrupt
 .text.CySysWdtIsr
                0x00000df8       0xa4 .\CortexM0\ARM_GCC_484\Debug\HerkulexOpenHouse.a(CyLFClk.o)
                0x00000df8                CySysWdtIsr
 .text.UART_SPI_UART_ISR
                0x00000e9c       0xf4 .\CortexM0\ARM_GCC_484\Debug\HerkulexOpenHouse.a(UART_SPI_UART_INT.o)
                0x00000e9c                UART_SPI_UART_ISR
 .text          0x00000f90       0x28 .\CortexM0\ARM_GCC_484\Debug\HerkulexOpenHouse.a(CyBootAsmGnu.o)
                0x00000f90                CyDelayCycles
                0x00000fa4                CyEnterCriticalSection
                0x00000fac                CyExitCriticalSection
 .text          0x00000fb8       0x9c c:/program files (x86)/cypress/psoc creator/3.2/psoc creator/import/gnu/arm/4.8.4/bin/../lib/gcc/arm-none-eabi/4.8.4/armv6-m\libgcc.a(_udivsi3.o)
                0x00000fb8                __aeabi_uidiv
                0x00000fb8                __udivsi3
                0x00001040                __aeabi_uidivmod
 .text          0x00001054        0x4 c:/program files (x86)/cypress/psoc creator/3.2/psoc creator/import/gnu/arm/4.8.4/bin/../lib/gcc/arm-none-eabi/4.8.4/armv6-m\libgcc.a(_dvmd_tls.o)
                0x00001054                __aeabi_idiv0
                0x00001054                __aeabi_ldiv0
 .text          0x00001058       0x74 c:/program files (x86)/cypress/psoc creator/3.2/psoc creator/import/gnu/arm/4.8.4/bin/../lib/gcc/arm-none-eabi/4.8.4/armv6-m\libgcc.a(_arm_cmpsf2.o)
                0x00001058                __aeabi_cfrcmple
                0x00001060                __aeabi_cfcmpeq
                0x00001060                __aeabi_cfcmple
                0x00001070                __aeabi_fcmpeq
                0x0000107c                __aeabi_fcmplt
                0x00001090                __aeabi_fcmple
                0x000010a4                __aeabi_fcmpgt
                0x000010b8                __aeabi_fcmpge
 .text          0x000010cc       0x54 c:/program files (x86)/cypress/psoc creator/3.2/psoc creator/import/gnu/arm/4.8.4/bin/../lib/gcc/arm-none-eabi/4.8.4/armv6-m\libgcc.a(eqsf2.o)
                0x000010cc                __eqsf2
                0x000010cc                __nesf2
 .text          0x00001120       0x90 c:/program files (x86)/cypress/psoc creator/3.2/psoc creator/import/gnu/arm/4.8.4/bin/../lib/gcc/arm-none-eabi/4.8.4/armv6-m\libgcc.a(gesf2.o)
                0x00001120                __gesf2
                0x00001120                __gtsf2
 .text          0x000011b0       0x98 c:/program files (x86)/cypress/psoc creator/3.2/psoc creator/import/gnu/arm/4.8.4/bin/../lib/gcc/arm-none-eabi/4.8.4/armv6-m\libgcc.a(lesf2.o)
                0x000011b0                __ltsf2
                0x000011b0                __lesf2
 .text          0x00001248       0xb8 c:/program files (x86)/cypress/psoc creator/3.2/psoc creator/import/gnu/arm/4.8.4/bin/../lib/gcc/arm-none-eabi/4.8.4/armv6-m\libgcc.a(floatsisf.o)
                0x00001248                __aeabi_i2f
 .text          0x00001300      0x648 c:/program files (x86)/cypress/psoc creator/3.2/psoc creator/import/gnu/arm/4.8.4/bin/../lib/gcc/arm-none-eabi/4.8.4/armv6-m\libgcc.a(divdf3.o)
                0x00001300                __aeabi_ddiv
 .text          0x00001948       0x68 c:/program files (x86)/cypress/psoc creator/3.2/psoc creator/import/gnu/arm/4.8.4/bin/../lib/gcc/arm-none-eabi/4.8.4/armv6-m\libgcc.a(fixdfsi.o)
                0x00001948                __aeabi_d2iz
 .text          0x000019b0       0xa4 c:/program files (x86)/cypress/psoc creator/3.2/psoc creator/import/gnu/arm/4.8.4/bin/../lib/gcc/arm-none-eabi/4.8.4/armv6-m\libgcc.a(extendsfdf2.o)
                0x000019b0                __aeabi_f2d
 .text          0x00001a54       0x3c c:/program files (x86)/cypress/psoc creator/3.2/psoc creator/import/gnu/arm/4.8.4/bin/../lib/gcc/arm-none-eabi/4.8.4/armv6-m\libgcc.a(_clzsi2.o)
                0x00001a54                __clzsi2
 .text.__libc_init_array
                0x00001a90       0x4c c:/program files (x86)/cypress/psoc creator/3.2/psoc creator/import/gnu/arm/4.8.4/bin/../lib/gcc/arm-none-eabi/4.8.4/../../../../arm-none-eabi/lib/armv6-m\libg_s.a(lib_a-init.o)
                0x00001a90                __libc_init_array
 .text.memset   0x00001adc       0x10 c:/program files (x86)/cypress/psoc creator/3.2/psoc creator/import/gnu/arm/4.8.4/bin/../lib/gcc/arm-none-eabi/4.8.4/../../../../arm-none-eabi/lib/armv6-m\libg_s.a(lib_a-memset.o)
                0x00001adc                memset
 *(.plt)
 *(.gnu.warning)
 *(.glue_7t)
 .glue_7t       0x00000000        0x0 linker stubs
 *(.glue_7)
 .glue_7        0x00000000        0x0 linker stubs
 *(.vfp11_veneer)
 .vfp11_veneer  0x00000000        0x0 linker stubs
 *(.bootloader)
 *(.ARM.extab* .gnu.linkonce.armextab.*)
 *(.gcc_except_table)

.v4_bx          0x00001aec        0x0
 .v4_bx         0x00000000        0x0 linker stubs

.iplt           0x00001aec        0x0
 .iplt          0x00000000        0x0 c:/program files (x86)/cypress/psoc creator/3.2/psoc creator/import/gnu/arm/4.8.4/bin/../lib/gcc/arm-none-eabi/4.8.4/armv6-m/crtbegin.o

.eh_frame_hdr
 *(.eh_frame_hdr)

.eh_frame       0x00001aec        0x4
 *(.eh_frame)
 .eh_frame      0x00001aec        0x0 c:/program files (x86)/cypress/psoc creator/3.2/psoc creator/import/gnu/arm/4.8.4/bin/../lib/gcc/arm-none-eabi/4.8.4/armv6-m/crtbegin.o
 .eh_frame      0x00001aec        0x4 c:/program files (x86)/cypress/psoc creator/3.2/psoc creator/import/gnu/arm/4.8.4/bin/../lib/gcc/arm-none-eabi/4.8.4/armv6-m/crtend.o
                0x00001af0                PROVIDE (__exidx_start, .)

.ARM.exidx
 *(.ARM.exidx* .gnu.linkonce.armexidx.*)
                0x00001af0                __exidx_end = .

.rodata         0x00001af0       0xb0
 *(.rodata .rodata.* .gnu.linkonce.r.*)
 .rodata        0x00001af0        0xc .\CortexM0\ARM_GCC_484\Debug\HerkulexOpenHouse.a(cyfitter_cfg.o)
 .rodata        0x00001afc       0x30 .\CortexM0\ARM_GCC_484\Debug\HerkulexOpenHouse.a(CyLib.o)
                0x00001afc                cyImoFreqMhz2Reg
 .rodata        0x00001b2c       0x40 c:/program files (x86)/cypress/psoc creator/3.2/psoc creator/import/gnu/arm/4.8.4/bin/../lib/gcc/arm-none-eabi/4.8.4/armv6-m\libgcc.a(divdf3.o)
                0x00001b6c                . = ALIGN (0x4)
 *(.init)
 .init          0x00001b6c        0x4 c:/program files (x86)/cypress/psoc creator/3.2/psoc creator/import/gnu/arm/4.8.4/bin/../lib/gcc/arm-none-eabi/4.8.4/armv6-m/crti.o
                0x00001b6c                _init
 .init          0x00001b70        0x8 c:/program files (x86)/cypress/psoc creator/3.2/psoc creator/import/gnu/arm/4.8.4/bin/../lib/gcc/arm-none-eabi/4.8.4/armv6-m/crtn.o
                0x00001b78                . = ALIGN (0x4)
                0x00001b78                __preinit_array_start = .
 *(.preinit_array)
                0x00001b78                __preinit_array_end = .
                0x00001b78                . = ALIGN (0x4)
                0x00001b78                __init_array_start = .
 *(SORT(.init_array.*))
 *(.init_array)
 .init_array    0x00001b78        0x4 c:/program files (x86)/cypress/psoc creator/3.2/psoc creator/import/gnu/arm/4.8.4/bin/../lib/gcc/arm-none-eabi/4.8.4/armv6-m/crtbegin.o
 .init_array    0x00001b7c        0x4 .\CortexM0\ARM_GCC_484\Debug\Cm0Start.o
                0x00001b80                __init_array_end = .
                0x00001b80                . = ALIGN (0x4)
 *(.fini)
 .fini          0x00001b80        0x4 c:/program files (x86)/cypress/psoc creator/3.2/psoc creator/import/gnu/arm/4.8.4/bin/../lib/gcc/arm-none-eabi/4.8.4/armv6-m/crti.o
                0x00001b80                _fini
 .fini          0x00001b84        0x8 c:/program files (x86)/cypress/psoc creator/3.2/psoc creator/import/gnu/arm/4.8.4/bin/../lib/gcc/arm-none-eabi/4.8.4/armv6-m/crtn.o
                0x00001b8c                . = ALIGN (0x4)
                0x00001b8c                __fini_array_start = .
 *(.fini_array)
 .fini_array    0x00001b8c        0x4 c:/program files (x86)/cypress/psoc creator/3.2/psoc creator/import/gnu/arm/4.8.4/bin/../lib/gcc/arm-none-eabi/4.8.4/armv6-m/crtbegin.o
 *(SORT(.fini_array.*))
                0x00001b90                __fini_array_end = .
                0x00001b90                . = ALIGN (0x4)
 *crtbegin.o(.ctors)
 *(EXCLUDE_FILE(*crtend.o) .ctors)
 *(SORT(.ctors.*))
 *crtend.o(.ctors)
                0x00001b90                . = ALIGN (0x4)
 *crtbegin.o(.dtors)
 *(EXCLUDE_FILE(*crtend.o) .dtors)
 *(SORT(.dtors.*))
 *crtend.o(.dtors)
                0x00001b90                . = ALIGN (0x4)
                0x00001b90                __cy_regions = .
                0x00001b90        0x4 LONG 0x1ba0 __cy_region_init_ram
                0x00001b94        0x4 LONG 0x200000c8 __cy_region_start_data
                0x00001b98        0x4 LONG 0x18 __cy_region_init_size_ram
                0x00001b9c        0x4 LONG 0x110 __cy_region_zero_size_ram
                0x00001ba0                __cy_regions_end = .
                0x00001ba0                . = ALIGN (0x8)
                0x00001ba0                _etext = .

.ramvectors     0x20000000       0xc0
                0x20000000                __cy_region_start_ram = .
 *(.ramvectors)
 .ramvectors    0x20000000       0xc0 .\CortexM0\ARM_GCC_484\Debug\Cm0Start.o
                0x20000000                CyRamVectors

.noinit         0x200000c0        0x4
 *(.noinit)
 .noinit        0x200000c0        0x4 .\CortexM0\ARM_GCC_484\Debug\Cm0Start.o

.data           0x200000c8       0x18 load address 0x00001ba0
                0x200000c8                __cy_region_start_data = .
 *(.jcr)
 .jcr           0x200000c8        0x0 c:/program files (x86)/cypress/psoc creator/3.2/psoc creator/import/gnu/arm/4.8.4/bin/../lib/gcc/arm-none-eabi/4.8.4/armv6-m/crtbegin.o
 .jcr           0x200000c8        0x4 c:/program files (x86)/cypress/psoc creator/3.2/psoc creator/import/gnu/arm/4.8.4/bin/../lib/gcc/arm-none-eabi/4.8.4/armv6-m/crtend.o
 *(.got.plt)
 *(.got)
 *(.shdata)
 *(.data .data.* .gnu.linkonce.d.*)
 .data          0x200000cc       0x10 .\CortexM0\ARM_GCC_484\Debug\HerkulexOpenHouse.a(CyLib.o)
                0x200000cc                cydelay32kMs
                0x200000d0                cydelayFreqKhz
                0x200000d4                cydelayFreqMhz
                0x200000d8                cydelayFreqHz
 .data          0x200000dc        0x4 .\CortexM0\ARM_GCC_484\Debug\HerkulexOpenHouse.a(CyLFClk.o)
                0x200000e0                . = ALIGN (0x8)
 *(.ram)
                0x200000e0                _edata = .

.igot.plt       0x200000e0        0x0 load address 0x00001bb8
 .igot.plt      0x00000000        0x0 c:/program files (x86)/cypress/psoc creator/3.2/psoc creator/import/gnu/arm/4.8.4/bin/../lib/gcc/arm-none-eabi/4.8.4/armv6-m/crtbegin.o

.bss            0x200000e0      0x110 load address 0x00001bb8
                0x200000e0                PROVIDE (__bss_start__, .)
 *(.shbss)
 *(.bss .bss.* .gnu.linkonce.b.*)
 .bss           0x200000e0       0x1c c:/program files (x86)/cypress/psoc creator/3.2/psoc creator/import/gnu/arm/4.8.4/bin/../lib/gcc/arm-none-eabi/4.8.4/armv6-m/crtbegin.o
 .bss           0x200000fc        0x8 .\CortexM0\ARM_GCC_484\Debug\HerkulexOpenHouse.a(UART.o)
                0x200000fc                UART_initVar
                0x20000100                UART_customIntrHandler
 .bss           0x20000104       0x1c .\CortexM0\ARM_GCC_484\Debug\HerkulexOpenHouse.a(CyLFClk.o)
 *(COMMON)
 COMMON         0x20000120       0x99 .\CortexM0\ARM_GCC_484\Debug\herkulex2.o
                0x20000120                playTime
                0x20000124                pSize
                0x20000125                lengthString
                0x20000126                pID
                0x20000127                conta
                0x20000128                dataEx
                0x20000164                data
                0x20000182                ck1
                0x20000184                moveData
                0x200001b6                XOR
                0x200001b7                ck2
                0x200001b8                cmd
 *fill*         0x200001b9        0x3 
 COMMON         0x200001bc       0x34 .\CortexM0\ARM_GCC_484\Debug\HerkulexOpenHouse.a(UART_SPI_UART.o)
                0x200001bc                UART_txBufferTail
                0x200001c0                UART_txBufferHead
                0x200001c4                UART_rxBufferTail
                0x200001c8                UART_txBufferInternal
                0x200001d8                UART_rxBufferInternal
                0x200001e8                UART_rxBufferOverflow
                0x200001ec                UART_rxBufferHead
                0x200001f0                . = ALIGN (0x8)
 *(.ram.b)
                0x200001f0                _end = .
                0x200001f0                __end = .
                0x200001f0                PROVIDE (end, .)
                0x200001f0                PROVIDE (__bss_end__, .)
                0x00001ba0                __cy_region_init_ram = LOADADDR (.data)
                0x00000018                __cy_region_init_size_ram = (_edata - ADDR (.data))
                0x00000110                __cy_region_zero_size_ram = (_end - _edata)

.heap           0x200001f0       0x80 load address 0x00001bb8
                0x200001f0                . = _end
                0x20000270                . = (. + 0x80)
 *fill*         0x200001f0       0x80 
                0x20000270                __cy_heap_limit = .

.stack          0x20000c00      0x400
                0x20000c00                __cy_stack_limit = .
                0x20001000                . = (. + 0x400)
 *fill*         0x20000c00      0x400 
                0x00000001                ASSERT ((__cy_stack_limit >= __cy_heap_limit), region RAM overflowed with stack)

.cyloadermeta
 *(.cyloadermeta)

.cyloadablemeta
 *(.cyloadablemeta)

.cyflashprotect
                0x90400000       0x20
 *(.cyflashprotect)
 .cyflashprotect
                0x90400000       0x20 .\CortexM0\ARM_GCC_484\Debug\cymetadata.o
                0x90400000                cy_meta_flashprotect

.cymeta         0x90500000        0xc
 *(.cymeta)
 .cymeta        0x90500000        0xc .\CortexM0\ARM_GCC_484\Debug\cymetadata.o
                0x90500000                cy_metadata

.cychipprotect  0x90600000        0x4
 *(.cychipprotect)
 .cychipprotect
                0x90600000        0x4 .\CortexM0\ARM_GCC_484\Debug\cymetadata.o
                0x90600000                cy_meta_chipprotect

.rel.dyn        0x00001bb8        0x0 load address 0x90600004
 .rel.iplt      0x00000000        0x0 c:/program files (x86)/cypress/psoc creator/3.2/psoc creator/import/gnu/arm/4.8.4/bin/../lib/gcc/arm-none-eabi/4.8.4/armv6-m/crtbegin.o

.stab
 *(.stab)

.stabstr
 *(.stabstr)

.debug
 *(.debug)

.line
 *(.line)

.debug_srcinfo
 *(.debug_srcinfo)

.debug_sfnames
 *(.debug_sfnames)

.debug_aranges  0x00000000      0x5b8
 *(.debug_aranges)
 .debug_aranges
                0x00000000       0x20 .\CortexM0\ARM_GCC_484\Debug\main.o
 .debug_aranges
                0x00000020      0x108 .\CortexM0\ARM_GCC_484\Debug\herkulex2.o
 .debug_aranges
                0x00000128       0x18 .\CortexM0\ARM_GCC_484\Debug\cymetadata.o
 .debug_aranges
                0x00000140       0x48 .\CortexM0\ARM_GCC_484\Debug\Cm0Start.o
 .debug_aranges
                0x00000188       0x30 .\CortexM0\ARM_GCC_484\Debug\HerkulexOpenHouse.a(cyfitter_cfg.o)
 .debug_aranges
                0x000001b8       0x70 .\CortexM0\ARM_GCC_484\Debug\HerkulexOpenHouse.a(UART.o)
 .debug_aranges
                0x00000228       0x60 .\CortexM0\ARM_GCC_484\Debug\HerkulexOpenHouse.a(UART_SPI_UART.o)
 .debug_aranges
                0x00000288       0x60 .\CortexM0\ARM_GCC_484\Debug\HerkulexOpenHouse.a(UART_UART.o)
 .debug_aranges
                0x000002e8      0x170 .\CortexM0\ARM_GCC_484\Debug\HerkulexOpenHouse.a(CyLib.o)
 .debug_aranges
                0x00000458      0x120 .\CortexM0\ARM_GCC_484\Debug\HerkulexOpenHouse.a(CyLFClk.o)
 .debug_aranges
                0x00000578       0x20 .\CortexM0\ARM_GCC_484\Debug\HerkulexOpenHouse.a(UART_SPI_UART_INT.o)
 .debug_aranges
                0x00000598       0x20 .\CortexM0\ARM_GCC_484\Debug\HerkulexOpenHouse.a(CyBootAsmGnu.o)

.debug_pubnames
 *(.debug_pubnames)

.debug_info     0x00000000     0x3e9e
 *(.debug_info .gnu.linkonce.wi.*)
 .debug_info    0x00000000      0x1a8 .\CortexM0\ARM_GCC_484\Debug\main.o
 .debug_info    0x000001a8     0x131a .\CortexM0\ARM_GCC_484\Debug\herkulex2.o
 .debug_info    0x000014c2       0xfd .\CortexM0\ARM_GCC_484\Debug\cymetadata.o
 .debug_info    0x000015bf      0x386 .\CortexM0\ARM_GCC_484\Debug\Cm0Start.o
 .debug_info    0x00001945      0x28c .\CortexM0\ARM_GCC_484\Debug\HerkulexOpenHouse.a(cyfitter_cfg.o)
 .debug_info    0x00001bd1      0x2d3 .\CortexM0\ARM_GCC_484\Debug\HerkulexOpenHouse.a(UART.o)
 .debug_info    0x00001ea4      0x36e .\CortexM0\ARM_GCC_484\Debug\HerkulexOpenHouse.a(UART_SPI_UART.o)
 .debug_info    0x00002212      0x3c9 .\CortexM0\ARM_GCC_484\Debug\HerkulexOpenHouse.a(UART_UART.o)
 .debug_info    0x000025db      0xa5f .\CortexM0\ARM_GCC_484\Debug\HerkulexOpenHouse.a(CyLib.o)
 .debug_info    0x0000303a      0xc42 .\CortexM0\ARM_GCC_484\Debug\HerkulexOpenHouse.a(CyLFClk.o)
 .debug_info    0x00003c7c      0x17d .\CortexM0\ARM_GCC_484\Debug\HerkulexOpenHouse.a(UART_SPI_UART_INT.o)
 .debug_info    0x00003df9       0xa5 .\CortexM0\ARM_GCC_484\Debug\HerkulexOpenHouse.a(CyBootAsmGnu.o)

.debug_abbrev   0x00000000     0x10a9
 *(.debug_abbrev)
 .debug_abbrev  0x00000000       0xd2 .\CortexM0\ARM_GCC_484\Debug\main.o
 .debug_abbrev  0x000000d2      0x285 .\CortexM0\ARM_GCC_484\Debug\herkulex2.o
 .debug_abbrev  0x00000357       0x5d .\CortexM0\ARM_GCC_484\Debug\cymetadata.o
 .debug_abbrev  0x000003b4      0x1fc .\CortexM0\ARM_GCC_484\Debug\Cm0Start.o
 .debug_abbrev  0x000005b0      0x18a .\CortexM0\ARM_GCC_484\Debug\HerkulexOpenHouse.a(cyfitter_cfg.o)
 .debug_abbrev  0x0000073a      0x159 .\CortexM0\ARM_GCC_484\Debug\HerkulexOpenHouse.a(UART.o)
 .debug_abbrev  0x00000893      0x19e .\CortexM0\ARM_GCC_484\Debug\HerkulexOpenHouse.a(UART_SPI_UART.o)
 .debug_abbrev  0x00000a31      0x18a .\CortexM0\ARM_GCC_484\Debug\HerkulexOpenHouse.a(UART_UART.o)
 .debug_abbrev  0x00000bbb      0x20d .\CortexM0\ARM_GCC_484\Debug\HerkulexOpenHouse.a(CyLib.o)
 .debug_abbrev  0x00000dc8      0x226 .\CortexM0\ARM_GCC_484\Debug\HerkulexOpenHouse.a(CyLFClk.o)
 .debug_abbrev  0x00000fee       0xa7 .\CortexM0\ARM_GCC_484\Debug\HerkulexOpenHouse.a(UART_SPI_UART_INT.o)
 .debug_abbrev  0x00001095       0x14 .\CortexM0\ARM_GCC_484\Debug\HerkulexOpenHouse.a(CyBootAsmGnu.o)

.debug_line     0x00000000     0x17ef
 *(.debug_line)
 .debug_line    0x00000000       0x7d .\CortexM0\ARM_GCC_484\Debug\main.o
 .debug_line    0x0000007d      0x5eb .\CortexM0\ARM_GCC_484\Debug\herkulex2.o
 .debug_line    0x00000668       0x53 .\CortexM0\ARM_GCC_484\Debug\cymetadata.o
 .debug_line    0x000006bb      0x230 .\CortexM0\ARM_GCC_484\Debug\Cm0Start.o
 .debug_line    0x000008eb      0x13b .\CortexM0\ARM_GCC_484\Debug\HerkulexOpenHouse.a(cyfitter_cfg.o)
 .debug_line    0x00000a26      0x174 .\CortexM0\ARM_GCC_484\Debug\HerkulexOpenHouse.a(UART.o)
 .debug_line    0x00000b9a      0x16b .\CortexM0\ARM_GCC_484\Debug\HerkulexOpenHouse.a(UART_SPI_UART.o)
 .debug_line    0x00000d05      0x17d .\CortexM0\ARM_GCC_484\Debug\HerkulexOpenHouse.a(UART_UART.o)
 .debug_line    0x00000e82      0x42f .\CortexM0\ARM_GCC_484\Debug\HerkulexOpenHouse.a(CyLib.o)
 .debug_line    0x000012b1      0x3fa .\CortexM0\ARM_GCC_484\Debug\HerkulexOpenHouse.a(CyLFClk.o)
 .debug_line    0x000016ab       0xdb .\CortexM0\ARM_GCC_484\Debug\HerkulexOpenHouse.a(UART_SPI_UART_INT.o)
 .debug_line    0x00001786       0x69 .\CortexM0\ARM_GCC_484\Debug\HerkulexOpenHouse.a(CyBootAsmGnu.o)

.debug_frame    0x00000000     0x1564
 *(.debug_frame)
 .debug_frame   0x00000000       0x2c .\CortexM0\ARM_GCC_484\Debug\main.o
 .debug_frame   0x0000002c      0x498 .\CortexM0\ARM_GCC_484\Debug\herkulex2.o
 .debug_frame   0x000004c4       0xbc .\CortexM0\ARM_GCC_484\Debug\Cm0Start.o
 .debug_frame   0x00000580       0x68 .\CortexM0\ARM_GCC_484\Debug\HerkulexOpenHouse.a(cyfitter_cfg.o)
 .debug_frame   0x000005e8      0x114 .\CortexM0\ARM_GCC_484\Debug\HerkulexOpenHouse.a(UART.o)
 .debug_frame   0x000006fc       0xc8 .\CortexM0\ARM_GCC_484\Debug\HerkulexOpenHouse.a(UART_SPI_UART.o)
 .debug_frame   0x000007c4       0xe0 .\CortexM0\ARM_GCC_484\Debug\HerkulexOpenHouse.a(UART_UART.o)
 .debug_frame   0x000008a4      0x3bc .\CortexM0\ARM_GCC_484\Debug\HerkulexOpenHouse.a(CyLib.o)
 .debug_frame   0x00000c60      0x36c .\CortexM0\ARM_GCC_484\Debug\HerkulexOpenHouse.a(CyLFClk.o)
 .debug_frame   0x00000fcc       0x38 .\CortexM0\ARM_GCC_484\Debug\HerkulexOpenHouse.a(UART_SPI_UART_INT.o)
 .debug_frame   0x00001004       0x20 c:/program files (x86)/cypress/psoc creator/3.2/psoc creator/import/gnu/arm/4.8.4/bin/../lib/gcc/arm-none-eabi/4.8.4/armv6-m\libgcc.a(_udivsi3.o)
 .debug_frame   0x00001024       0x2c c:/program files (x86)/cypress/psoc creator/3.2/psoc creator/import/gnu/arm/4.8.4/bin/../lib/gcc/arm-none-eabi/4.8.4/armv6-m\libgcc.a(eqsf2.o)
 .debug_frame   0x00001050       0x30 c:/program files (x86)/cypress/psoc creator/3.2/psoc creator/import/gnu/arm/4.8.4/bin/../lib/gcc/arm-none-eabi/4.8.4/armv6-m\libgcc.a(gesf2.o)
 .debug_frame   0x00001080       0x30 c:/program files (x86)/cypress/psoc creator/3.2/psoc creator/import/gnu/arm/4.8.4/bin/../lib/gcc/arm-none-eabi/4.8.4/armv6-m\libgcc.a(lesf2.o)
 .debug_frame   0x000010b0       0x2c c:/program files (x86)/cypress/psoc creator/3.2/psoc creator/import/gnu/arm/4.8.4/bin/../lib/gcc/arm-none-eabi/4.8.4/armv6-m\libgcc.a(floatsisf.o)
 .debug_frame   0x000010dc       0x3c c:/program files (x86)/cypress/psoc creator/3.2/psoc creator/import/gnu/arm/4.8.4/bin/../lib/gcc/arm-none-eabi/4.8.4/armv6-m\libgcc.a(divdf3.o)
 .debug_frame   0x00001118       0x3c c:/program files (x86)/cypress/psoc creator/3.2/psoc creator/import/gnu/arm/4.8.4/bin/../lib/gcc/arm-none-eabi/4.8.4/armv6-m\libgcc.a(muldf3.o)
 .debug_frame   0x00001154       0x2c c:/program files (x86)/cypress/psoc creator/3.2/psoc creator/import/gnu/arm/4.8.4/bin/../lib/gcc/arm-none-eabi/4.8.4/armv6-m\libgcc.a(fixdfsi.o)
 .debug_frame   0x00001180       0x30 c:/program files (x86)/cypress/psoc creator/3.2/psoc creator/import/gnu/arm/4.8.4/bin/../lib/gcc/arm-none-eabi/4.8.4/armv6-m\libgcc.a(floatsidf.o)
 .debug_frame   0x000011b0       0x2c c:/program files (x86)/cypress/psoc creator/3.2/psoc creator/import/gnu/arm/4.8.4/bin/../lib/gcc/arm-none-eabi/4.8.4/armv6-m\libgcc.a(extendsfdf2.o)
 .debug_frame   0x000011dc       0x30 c:/program files (x86)/cypress/psoc creator/3.2/psoc creator/import/gnu/arm/4.8.4/bin/../lib/gcc/arm-none-eabi/4.8.4/armv6-m\libgcc.a(truncdfsf2.o)
 .debug_frame   0x0000120c       0x20 c:/program files (x86)/cypress/psoc creator/3.2/psoc creator/import/gnu/arm/4.8.4/bin/../lib/gcc/arm-none-eabi/4.8.4/../../../../arm-none-eabi/lib/armv6-m\libg_s.a(lib_a-errno.o)
 .debug_frame   0x0000122c       0x28 c:/program files (x86)/cypress/psoc creator/3.2/psoc creator/import/gnu/arm/4.8.4/bin/../lib/gcc/arm-none-eabi/4.8.4/../../../../arm-none-eabi/lib/armv6-m\libg_s.a(lib_a-exit.o)
 .debug_frame   0x00001254       0x2c c:/program files (x86)/cypress/psoc creator/3.2/psoc creator/import/gnu/arm/4.8.4/bin/../lib/gcc/arm-none-eabi/4.8.4/../../../../arm-none-eabi/lib/armv6-m\libg_s.a(lib_a-init.o)
 .debug_frame   0x00001280       0x20 c:/program files (x86)/cypress/psoc creator/3.2/psoc creator/import/gnu/arm/4.8.4/bin/../lib/gcc/arm-none-eabi/4.8.4/../../../../arm-none-eabi/lib/armv6-m\libg_s.a(lib_a-memset.o)
 .debug_frame   0x000012a0       0x4c c:/program files (x86)/cypress/psoc creator/3.2/psoc creator/import/gnu/arm/4.8.4/bin/../lib/gcc/arm-none-eabi/4.8.4/../../../../arm-none-eabi/lib/armv6-m\libg_s.a(lib_a-sprintf.o)
 .debug_frame   0x000012ec       0x74 c:/program files (x86)/cypress/psoc creator/3.2/psoc creator/import/gnu/arm/4.8.4/bin/../lib/gcc/arm-none-eabi/4.8.4/../../../../arm-none-eabi/lib/armv6-m\libg_s.a(lib_a-svfprintf.o)
 .debug_frame   0x00001360       0x54 c:/program files (x86)/cypress/psoc creator/3.2/psoc creator/import/gnu/arm/4.8.4/bin/../lib/gcc/arm-none-eabi/4.8.4/../../../../arm-none-eabi/lib/armv6-m\libg_s.a(lib_a-vfprintf_i.o)
 .debug_frame   0x000013b4       0x20 c:/program files (x86)/cypress/psoc creator/3.2/psoc creator/import/gnu/arm/4.8.4/bin/../lib/gcc/arm-none-eabi/4.8.4/../../../../arm-none-eabi/lib/armv6-m\libg_s.a(lib_a-memchr-stub.o)
 .debug_frame   0x000013d4       0x28 c:/program files (x86)/cypress/psoc creator/3.2/psoc creator/import/gnu/arm/4.8.4/bin/../lib/gcc/arm-none-eabi/4.8.4/../../../../arm-none-eabi/lib/armv6-m\libg_s.a(lib_a-memcpy-stub.o)
 .debug_frame   0x000013fc       0x2c c:/program files (x86)/cypress/psoc creator/3.2/psoc creator/import/gnu/arm/4.8.4/bin/../lib/gcc/arm-none-eabi/4.8.4/../../../../arm-none-eabi/lib/armv6-m\libg_s.a(lib_a-memmove.o)
 .debug_frame   0x00001428       0x2c c:/program files (x86)/cypress/psoc creator/3.2/psoc creator/import/gnu/arm/4.8.4/bin/../lib/gcc/arm-none-eabi/4.8.4/../../../../arm-none-eabi/lib/armv6-m\libg_s.a(lib_a-nano-freer.o)
 .debug_frame   0x00001454       0x2c c:/program files (x86)/cypress/psoc creator/3.2/psoc creator/import/gnu/arm/4.8.4/bin/../lib/gcc/arm-none-eabi/4.8.4/../../../../arm-none-eabi/lib/armv6-m\libg_s.a(lib_a-nano-mallocr.o)
 .debug_frame   0x00001480       0x30 c:/program files (x86)/cypress/psoc creator/3.2/psoc creator/import/gnu/arm/4.8.4/bin/../lib/gcc/arm-none-eabi/4.8.4/../../../../arm-none-eabi/lib/armv6-m\libg_s.a(lib_a-nano-reallocr.o)
 .debug_frame   0x000014b0       0x2c c:/program files (x86)/cypress/psoc creator/3.2/psoc creator/import/gnu/arm/4.8.4/bin/../lib/gcc/arm-none-eabi/4.8.4/../../../../arm-none-eabi/lib/armv6-m\libg_s.a(lib_a-sbrkr.o)
 .debug_frame   0x000014dc       0x20 c:/program files (x86)/cypress/psoc creator/3.2/psoc creator/import/gnu/arm/4.8.4/bin/../lib/gcc/arm-none-eabi/4.8.4/../../../../arm-none-eabi/lib/armv6-m\libg_s.a(lib_a-strlen.o)
 .debug_frame   0x000014fc       0x20 c:/program files (x86)/cypress/psoc creator/3.2/psoc creator/import/gnu/arm/4.8.4/bin/../lib/gcc/arm-none-eabi/4.8.4/../../../../arm-none-eabi/lib/armv6-m\libg_s.a(lib_a-nano-msizer.o)
 .debug_frame   0x0000151c       0x48 c:/program files (x86)/cypress/psoc creator/3.2/psoc creator/import/gnu/arm/4.8.4/bin/../lib/gcc/arm-none-eabi/4.8.4/../../../../arm-none-eabi/lib/armv6-m\libg_s.a(lib_a-reent.o)

.debug_str      0x00000000     0x13ee
 *(.debug_str)
 .debug_str     0x00000000      0x1c0 .\CortexM0\ARM_GCC_484\Debug\main.o
                                0x1f9 (size before relaxing)
 .debug_str     0x000001c0      0x370 .\CortexM0\ARM_GCC_484\Debug\herkulex2.o
                                0x56d (size before relaxing)
 .debug_str     0x00000530       0x5b .\CortexM0\ARM_GCC_484\Debug\cymetadata.o
                                0x1d1 (size before relaxing)
 .debug_str     0x0000058b      0x15c .\CortexM0\ARM_GCC_484\Debug\Cm0Start.o
                                0x2f8 (size before relaxing)
 .debug_str     0x000006e7       0x9d .\CortexM0\ARM_GCC_484\Debug\HerkulexOpenHouse.a(cyfitter_cfg.o)
                                0x24e (size before relaxing)
 .debug_str     0x00000784      0x172 .\CortexM0\ARM_GCC_484\Debug\HerkulexOpenHouse.a(UART.o)
                                0x30c (size before relaxing)
 .debug_str     0x000008f6      0x154 .\CortexM0\ARM_GCC_484\Debug\HerkulexOpenHouse.a(UART_SPI_UART.o)
                                0x378 (size before relaxing)
 .debug_str     0x00000a4a       0xc2 .\CortexM0\ARM_GCC_484\Debug\HerkulexOpenHouse.a(UART_UART.o)
                                0x38c (size before relaxing)
 .debug_str     0x00000b0c      0x432 .\CortexM0\ARM_GCC_484\Debug\HerkulexOpenHouse.a(CyLib.o)
                                0x64c (size before relaxing)
 .debug_str     0x00000f3e      0x471 .\CortexM0\ARM_GCC_484\Debug\HerkulexOpenHouse.a(CyLFClk.o)
                                0x656 (size before relaxing)
 .debug_str     0x000013af       0x3f .\CortexM0\ARM_GCC_484\Debug\HerkulexOpenHouse.a(UART_SPI_UART_INT.o)
                                0x280 (size before relaxing)

.debug_loc      0x00000000     0x2245
 *(.debug_loc)
 .debug_loc     0x00000000      0xf20 .\CortexM0\ARM_GCC_484\Debug\herkulex2.o
 .debug_loc     0x00000f20      0x144 .\CortexM0\ARM_GCC_484\Debug\Cm0Start.o
 .debug_loc     0x00001064       0xc5 .\CortexM0\ARM_GCC_484\Debug\HerkulexOpenHouse.a(cyfitter_cfg.o)
 .debug_loc     0x00001129       0x3c .\CortexM0\ARM_GCC_484\Debug\HerkulexOpenHouse.a(UART.o)
 .debug_loc     0x00001165      0x170 .\CortexM0\ARM_GCC_484\Debug\HerkulexOpenHouse.a(UART_SPI_UART.o)
 .debug_loc     0x000012d5      0x15d .\CortexM0\ARM_GCC_484\Debug\HerkulexOpenHouse.a(UART_UART.o)
 .debug_loc     0x00001432      0x5f7 .\CortexM0\ARM_GCC_484\Debug\HerkulexOpenHouse.a(CyLib.o)
 .debug_loc     0x00001a29      0x7df .\CortexM0\ARM_GCC_484\Debug\HerkulexOpenHouse.a(CyLFClk.o)
 .debug_loc     0x00002208       0x3d .\CortexM0\ARM_GCC_484\Debug\HerkulexOpenHouse.a(UART_SPI_UART_INT.o)

.debug_macinfo
 *(.debug_macinfo)

.debug_ranges   0x00000000      0x510
 *(.debug_ranges)
 .debug_ranges  0x00000000       0x10 .\CortexM0\ARM_GCC_484\Debug\main.o
 .debug_ranges  0x00000010       0xf8 .\CortexM0\ARM_GCC_484\Debug\herkulex2.o
 .debug_ranges  0x00000108       0x50 .\CortexM0\ARM_GCC_484\Debug\Cm0Start.o
 .debug_ranges  0x00000158       0x38 .\CortexM0\ARM_GCC_484\Debug\HerkulexOpenHouse.a(cyfitter_cfg.o)
 .debug_ranges  0x00000190       0x60 .\CortexM0\ARM_GCC_484\Debug\HerkulexOpenHouse.a(UART.o)
 .debug_ranges  0x000001f0       0x50 .\CortexM0\ARM_GCC_484\Debug\HerkulexOpenHouse.a(UART_SPI_UART.o)
 .debug_ranges  0x00000240       0x50 .\CortexM0\ARM_GCC_484\Debug\HerkulexOpenHouse.a(UART_UART.o)
 .debug_ranges  0x00000290      0x160 .\CortexM0\ARM_GCC_484\Debug\HerkulexOpenHouse.a(CyLib.o)
 .debug_ranges  0x000003f0      0x110 .\CortexM0\ARM_GCC_484\Debug\HerkulexOpenHouse.a(CyLFClk.o)
 .debug_ranges  0x00000500       0x10 .\CortexM0\ARM_GCC_484\Debug\HerkulexOpenHouse.a(UART_SPI_UART_INT.o)

.comment        0x00000000       0x70
 .comment       0x00000000       0x70 .\CortexM0\ARM_GCC_484\Debug\main.o
                                 0x71 (size before relaxing)
 .comment       0x00000000       0x71 .\CortexM0\ARM_GCC_484\Debug\herkulex2.o
 .comment       0x00000000       0x71 .\CortexM0\ARM_GCC_484\Debug\cymetadata.o
 .comment       0x00000000       0x71 .\CortexM0\ARM_GCC_484\Debug\Cm0Start.o
 .comment       0x00000000       0x71 .\CortexM0\ARM_GCC_484\Debug\HerkulexOpenHouse.a(cyfitter_cfg.o)
 .comment       0x00000000       0x71 .\CortexM0\ARM_GCC_484\Debug\HerkulexOpenHouse.a(UART.o)
 .comment       0x00000000       0x71 .\CortexM0\ARM_GCC_484\Debug\HerkulexOpenHouse.a(UART_SPI_UART.o)
 .comment       0x00000000       0x71 .\CortexM0\ARM_GCC_484\Debug\HerkulexOpenHouse.a(UART_UART.o)
 .comment       0x00000000       0x71 .\CortexM0\ARM_GCC_484\Debug\HerkulexOpenHouse.a(CyLib.o)
 .comment       0x00000000       0x71 .\CortexM0\ARM_GCC_484\Debug\HerkulexOpenHouse.a(CyLFClk.o)
 .comment       0x00000000       0x71 .\CortexM0\ARM_GCC_484\Debug\HerkulexOpenHouse.a(UART_SPI_UART_INT.o)

.debug_weaknames
 *(.debug_weaknames)

.debug_funcnames
 *(.debug_funcnames)

.debug_typenames
 *(.debug_typenames)

.debug_varnames
 *(.debug_varnames)

.note.gnu.arm.ident
 *(.note.gnu.arm.ident)

.ARM.attributes
                0x00000000       0x28
 *(.ARM.attributes)
 .ARM.attributes
                0x00000000       0x1e c:/program files (x86)/cypress/psoc creator/3.2/psoc creator/import/gnu/arm/4.8.4/bin/../lib/gcc/arm-none-eabi/4.8.4/armv6-m/crti.o
 .ARM.attributes
                0x0000001e       0x2c c:/program files (x86)/cypress/psoc creator/3.2/psoc creator/import/gnu/arm/4.8.4/bin/../lib/gcc/arm-none-eabi/4.8.4/armv6-m/crtbegin.o
 .ARM.attributes
                0x0000004a       0x1b c:/program files (x86)/cypress/psoc creator/3.2/psoc creator/import/gnu/arm/4.8.4/bin/../lib/gcc/arm-none-eabi/4.8.4/../../../../arm-none-eabi/lib/armv6-m/crt0.o
 .ARM.attributes
                0x00000065       0x31 .\CortexM0\ARM_GCC_484\Debug\main.o
 .ARM.attributes
                0x00000096       0x31 .\CortexM0\ARM_GCC_484\Debug\herkulex2.o
 .ARM.attributes
                0x000000c7       0x31 .\CortexM0\ARM_GCC_484\Debug\cymetadata.o
 .ARM.attributes
                0x000000f8       0x31 .\CortexM0\ARM_GCC_484\Debug\Cm0Start.o
 .ARM.attributes
                0x00000129       0x31 .\CortexM0\ARM_GCC_484\Debug\HerkulexOpenHouse.a(cyfitter_cfg.o)
 .ARM.attributes
                0x0000015a       0x31 .\CortexM0\ARM_GCC_484\Debug\HerkulexOpenHouse.a(UART.o)
 .ARM.attributes
                0x0000018b       0x31 .\CortexM0\ARM_GCC_484\Debug\HerkulexOpenHouse.a(UART_SPI_UART.o)
 .ARM.attributes
                0x000001bc       0x31 .\CortexM0\ARM_GCC_484\Debug\HerkulexOpenHouse.a(UART_UART.o)
 .ARM.attributes
                0x000001ed       0x31 .\CortexM0\ARM_GCC_484\Debug\HerkulexOpenHouse.a(CyLib.o)
 .ARM.attributes
                0x0000021e       0x31 .\CortexM0\ARM_GCC_484\Debug\HerkulexOpenHouse.a(CyLFClk.o)
 .ARM.attributes
                0x0000024f       0x31 .\CortexM0\ARM_GCC_484\Debug\HerkulexOpenHouse.a(UART_SPI_UART_INT.o)
 .ARM.attributes
                0x00000280       0x21 .\CortexM0\ARM_GCC_484\Debug\HerkulexOpenHouse.a(CyBootAsmGnu.o)
 .ARM.attributes
                0x000002a1       0x1e c:/program files (x86)/cypress/psoc creator/3.2/psoc creator/import/gnu/arm/4.8.4/bin/../lib/gcc/arm-none-eabi/4.8.4/armv6-m\libgcc.a(_udivsi3.o)
 .ARM.attributes
                0x000002bf       0x1e c:/program files (x86)/cypress/psoc creator/3.2/psoc creator/import/gnu/arm/4.8.4/bin/../lib/gcc/arm-none-eabi/4.8.4/armv6-m\libgcc.a(_dvmd_tls.o)
 .ARM.attributes
                0x000002dd       0x1e c:/program files (x86)/cypress/psoc creator/3.2/psoc creator/import/gnu/arm/4.8.4/bin/../lib/gcc/arm-none-eabi/4.8.4/armv6-m\libgcc.a(_arm_cmpsf2.o)
 .ARM.attributes
                0x000002fb       0x2c c:/program files (x86)/cypress/psoc creator/3.2/psoc creator/import/gnu/arm/4.8.4/bin/../lib/gcc/arm-none-eabi/4.8.4/armv6-m\libgcc.a(eqsf2.o)
 .ARM.attributes
                0x00000327       0x2c c:/program files (x86)/cypress/psoc creator/3.2/psoc creator/import/gnu/arm/4.8.4/bin/../lib/gcc/arm-none-eabi/4.8.4/armv6-m\libgcc.a(gesf2.o)
 .ARM.attributes
                0x00000353       0x2c c:/program files (x86)/cypress/psoc creator/3.2/psoc creator/import/gnu/arm/4.8.4/bin/../lib/gcc/arm-none-eabi/4.8.4/armv6-m\libgcc.a(lesf2.o)
 .ARM.attributes
                0x0000037f       0x2c c:/program files (x86)/cypress/psoc creator/3.2/psoc creator/import/gnu/arm/4.8.4/bin/../lib/gcc/arm-none-eabi/4.8.4/armv6-m\libgcc.a(floatsisf.o)
 .ARM.attributes
                0x000003ab       0x2c c:/program files (x86)/cypress/psoc creator/3.2/psoc creator/import/gnu/arm/4.8.4/bin/../lib/gcc/arm-none-eabi/4.8.4/armv6-m\libgcc.a(divdf3.o)
 .ARM.attributes
                0x000003d7       0x2c c:/program files (x86)/cypress/psoc creator/3.2/psoc creator/import/gnu/arm/4.8.4/bin/../lib/gcc/arm-none-eabi/4.8.4/armv6-m\libgcc.a(muldf3.o)
 .ARM.attributes
                0x00000403       0x2c c:/program files (x86)/cypress/psoc creator/3.2/psoc creator/import/gnu/arm/4.8.4/bin/../lib/gcc/arm-none-eabi/4.8.4/armv6-m\libgcc.a(fixdfsi.o)
 .ARM.attributes
                0x0000042f       0x2c c:/program files (x86)/cypress/psoc creator/3.2/psoc creator/import/gnu/arm/4.8.4/bin/../lib/gcc/arm-none-eabi/4.8.4/armv6-m\libgcc.a(floatsidf.o)
 .ARM.attributes
                0x0000045b       0x2c c:/program files (x86)/cypress/psoc creator/3.2/psoc creator/import/gnu/arm/4.8.4/bin/../lib/gcc/arm-none-eabi/4.8.4/armv6-m\libgcc.a(extendsfdf2.o)
 .ARM.attributes
                0x00000487       0x2c c:/program files (x86)/cypress/psoc creator/3.2/psoc creator/import/gnu/arm/4.8.4/bin/../lib/gcc/arm-none-eabi/4.8.4/armv6-m\libgcc.a(truncdfsf2.o)
 .ARM.attributes
                0x000004b3       0x1e c:/program files (x86)/cypress/psoc creator/3.2/psoc creator/import/gnu/arm/4.8.4/bin/../lib/gcc/arm-none-eabi/4.8.4/armv6-m\libgcc.a(_clzsi2.o)
 .ARM.attributes
                0x000004d1       0x2c c:/program files (x86)/cypress/psoc creator/3.2/psoc creator/import/gnu/arm/4.8.4/bin/../lib/gcc/arm-none-eabi/4.8.4/../../../../arm-none-eabi/lib/armv6-m\libg_s.a(lib_a-errno.o)
 .ARM.attributes
                0x000004fd       0x2c c:/program files (x86)/cypress/psoc creator/3.2/psoc creator/import/gnu/arm/4.8.4/bin/../lib/gcc/arm-none-eabi/4.8.4/../../../../arm-none-eabi/lib/armv6-m\libg_s.a(lib_a-exit.o)
 .ARM.attributes
                0x00000529       0x2c c:/program files (x86)/cypress/psoc creator/3.2/psoc creator/import/gnu/arm/4.8.4/bin/../lib/gcc/arm-none-eabi/4.8.4/../../../../arm-none-eabi/lib/armv6-m\libg_s.a(lib_a-impure.o)
 .ARM.attributes
                0x00000555       0x2c c:/program files (x86)/cypress/psoc creator/3.2/psoc creator/import/gnu/arm/4.8.4/bin/../lib/gcc/arm-none-eabi/4.8.4/../../../../arm-none-eabi/lib/armv6-m\libg_s.a(lib_a-init.o)
 .ARM.attributes
                0x00000581       0x2c c:/program files (x86)/cypress/psoc creator/3.2/psoc creator/import/gnu/arm/4.8.4/bin/../lib/gcc/arm-none-eabi/4.8.4/../../../../arm-none-eabi/lib/armv6-m\libg_s.a(lib_a-memset.o)
 .ARM.attributes
                0x000005ad       0x2c c:/program files (x86)/cypress/psoc creator/3.2/psoc creator/import/gnu/arm/4.8.4/bin/../lib/gcc/arm-none-eabi/4.8.4/../../../../arm-none-eabi/lib/armv6-m\libg_s.a(lib_a-sprintf.o)
 .ARM.attributes
                0x000005d9       0x2c c:/program files (x86)/cypress/psoc creator/3.2/psoc creator/import/gnu/arm/4.8.4/bin/../lib/gcc/arm-none-eabi/4.8.4/../../../../arm-none-eabi/lib/armv6-m\libg_s.a(lib_a-svfprintf.o)
 .ARM.attributes
                0x00000605       0x2c c:/program files (x86)/cypress/psoc creator/3.2/psoc creator/import/gnu/arm/4.8.4/bin/../lib/gcc/arm-none-eabi/4.8.4/../../../../arm-none-eabi/lib/armv6-m\libg_s.a(lib_a-vfprintf_i.o)
 .ARM.attributes
                0x00000631       0x2c c:/program files (x86)/cypress/psoc creator/3.2/psoc creator/import/gnu/arm/4.8.4/bin/../lib/gcc/arm-none-eabi/4.8.4/../../../../arm-none-eabi/lib/armv6-m\libg_s.a(lib_a-memchr-stub.o)
 .ARM.attributes
                0x0000065d       0x2c c:/program files (x86)/cypress/psoc creator/3.2/psoc creator/import/gnu/arm/4.8.4/bin/../lib/gcc/arm-none-eabi/4.8.4/../../../../arm-none-eabi/lib/armv6-m\libg_s.a(lib_a-memcpy-stub.o)
 .ARM.attributes
                0x00000689       0x2c c:/program files (x86)/cypress/psoc creator/3.2/psoc creator/import/gnu/arm/4.8.4/bin/../lib/gcc/arm-none-eabi/4.8.4/../../../../arm-none-eabi/lib/armv6-m\libg_s.a(lib_a-memmove.o)
 .ARM.attributes
                0x000006b5       0x2c c:/program files (x86)/cypress/psoc creator/3.2/psoc creator/import/gnu/arm/4.8.4/bin/../lib/gcc/arm-none-eabi/4.8.4/../../../../arm-none-eabi/lib/armv6-m\libg_s.a(lib_a-nano-freer.o)
 .ARM.attributes
                0x000006e1       0x2c c:/program files (x86)/cypress/psoc creator/3.2/psoc creator/import/gnu/arm/4.8.4/bin/../lib/gcc/arm-none-eabi/4.8.4/../../../../arm-none-eabi/lib/armv6-m\libg_s.a(lib_a-nano-mallocr.o)
 .ARM.attributes
                0x0000070d       0x2c c:/program files (x86)/cypress/psoc creator/3.2/psoc creator/import/gnu/arm/4.8.4/bin/../lib/gcc/arm-none-eabi/4.8.4/../../../../arm-none-eabi/lib/armv6-m\libg_s.a(lib_a-nano-reallocr.o)
 .ARM.attributes
                0x00000739       0x2c c:/program files (x86)/cypress/psoc creator/3.2/psoc creator/import/gnu/arm/4.8.4/bin/../lib/gcc/arm-none-eabi/4.8.4/../../../../arm-none-eabi/lib/armv6-m\libg_s.a(lib_a-sbrkr.o)
 .ARM.attributes
                0x00000765       0x2c c:/program files (x86)/cypress/psoc creator/3.2/psoc creator/import/gnu/arm/4.8.4/bin/../lib/gcc/arm-none-eabi/4.8.4/../../../../arm-none-eabi/lib/armv6-m\libg_s.a(lib_a-strlen.o)
 .ARM.attributes
                0x00000791       0x2c c:/program files (x86)/cypress/psoc creator/3.2/psoc creator/import/gnu/arm/4.8.4/bin/../lib/gcc/arm-none-eabi/4.8.4/../../../../arm-none-eabi/lib/armv6-m\libg_s.a(lib_a-nano-msizer.o)
 .ARM.attributes
                0x000007bd       0x2c c:/program files (x86)/cypress/psoc creator/3.2/psoc creator/import/gnu/arm/4.8.4/bin/../lib/gcc/arm-none-eabi/4.8.4/../../../../arm-none-eabi/lib/armv6-m\libg_s.a(lib_a-reent.o)
 .ARM.attributes
                0x000007e9       0x2c c:/program files (x86)/cypress/psoc creator/3.2/psoc creator/import/gnu/arm/4.8.4/bin/../lib/gcc/arm-none-eabi/4.8.4/armv6-m/crtend.o
 .ARM.attributes
                0x00000815       0x1e c:/program files (x86)/cypress/psoc creator/3.2/psoc creator/import/gnu/arm/4.8.4/bin/../lib/gcc/arm-none-eabi/4.8.4/armv6-m/crtn.o

/DISCARD/
 *(.note.GNU-stack)
OUTPUT(.\CortexM0\ARM_GCC_484\Debug\HerkulexOpenHouse.elf elf32-littlearm)
